[    0.000000] Linux version 4.15.0-212-generic (buildd@lcy02-amd64-083) (gcc version 7.5.0 (Ubuntu 7.5.0-3ubuntu1~18.04)) #223-Ubuntu SMP Tue May 23 13:09:22 UTC 2023 (Ubuntu 4.15.0-212.223-generic 4.15.18)
[    0.000000] Command line: BOOT_IMAGE=/boot/vmlinuz-4.15.0-212-generic root=LABEL=cloudimg-rootfs ro console=tty1 console=ttyS0
[    0.000000] KERNEL supported cpus:
[    0.000000]   Intel GenuineIntel
[    0.000000]   AMD AuthenticAMD
[    0.000000]   Centaur CentaurHauls
[    0.000000] x86/fpu: x87 FPU will use FXSAVE
[    0.000000] e820: BIOS-provided physical RAM map:
[    0.000000] BIOS-e820: [mem 0x0000000000000000-0x000000000009fbff] usable
[    0.000000] BIOS-e820: [mem 0x000000000009fc00-0x000000000009ffff] reserved
[    0.000000] BIOS-e820: [mem 0x00000000000f0000-0x00000000000fffff] reserved
[    0.000000] BIOS-e820: [mem 0x0000000000100000-0x000000001ffeffff] usable
[    0.000000] BIOS-e820: [mem 0x000000001fff0000-0x000000001fffffff] ACPI data
[    0.000000] BIOS-e820: [mem 0x00000000fec00000-0x00000000fec00fff] reserved
[    0.000000] BIOS-e820: [mem 0x00000000fee00000-0x00000000fee00fff] reserved
[    0.000000] BIOS-e820: [mem 0x00000000fffc0000-0x00000000ffffffff] reserved
[    0.000000] NX (Execute Disable) protection: active
[    0.000000] SMBIOS 2.5 present.
[    0.000000] DMI: innotek GmbH VirtualBox/VirtualBox, BIOS VirtualBox 12/01/2006
[    0.000000] Hypervisor detected: KVM
[    0.000000] e820: last_pfn = 0x1fff0 max_arch_pfn = 0x400000000
[    0.000000] MTRR: Disabled
[    0.000000] x86/PAT: MTRRs disabled, skipping PAT initialization too.
[    0.000000] CPU MTRRs all blank - virtualized system.
[    0.000000] x86/PAT: Configuration [0-7]: WB  WT  UC- UC  WB  WT  UC- UC  
[    0.000000] found SMP MP-table at [mem 0x0009fff0-0x0009ffff]
[    0.000000] Scanning 1 areas for low memory corruption
[    0.000000] RAMDISK: [mem 0x1db01000-0x1ee12fff]
[    0.000000] ACPI: Early table checksum verification disabled
[    0.000000] ACPI: RSDP 0x00000000000E0000 000024 (v02 VBOX  )
[    0.000000] ACPI: XSDT 0x000000001FFF0030 00003C (v01 VBOX   VBOXXSDT 00000001 ASL  00000061)
[    0.000000] ACPI: FACP 0x000000001FFF00F0 0000F4 (v04 VBOX   VBOXFACP 00000001 ASL  00000061)
[    0.000000] ACPI: DSDT 0x000000001FFF0610 002353 (v02 VBOX   VBOXBIOS 00000002 INTL 20100528)
[    0.000000] ACPI: FACS 0x000000001FFF0200 000040
[    0.000000] ACPI: FACS 0x000000001FFF0200 000040
[    0.000000] ACPI: APIC 0x000000001FFF0240 000054 (v02 VBOX   VBOXAPIC 00000001 ASL  00000061)
[    0.000000] ACPI: SSDT 0x000000001FFF02A0 00036C (v01 VBOX   VBOXCPUT 00000002 INTL 20100528)
[    0.000000] ACPI: Reserving FACP table memory at [mem 0x1fff00f0-0x1fff01e3]
[    0.000000] ACPI: Reserving DSDT table memory at [mem 0x1fff0610-0x1fff2962]
[    0.000000] ACPI: Reserving FACS table memory at [mem 0x1fff0200-0x1fff023f]
[    0.000000] ACPI: Reserving FACS table memory at [mem 0x1fff0200-0x1fff023f]
[    0.000000] ACPI: Reserving APIC table memory at [mem 0x1fff0240-0x1fff0293]
[    0.000000] ACPI: Reserving SSDT table memory at [mem 0x1fff02a0-0x1fff060b]
[    0.000000] No NUMA configuration found
[    0.000000] Faking a node at [mem 0x0000000000000000-0x000000001ffeffff]
[    0.000000] NODE_DATA(0) allocated [mem 0x1ffc5000-0x1ffeffff]
[    0.000000] kvm-clock: cpu 0, msr 0:1ff44001, primary cpu clock
[    0.000000] kvm-clock: Using msrs 4b564d01 and 4b564d00
[    0.000000] kvm-clock: using sched offset of 6823282136 cycles
[    0.000000] clocksource: kvm-clock: mask: 0xffffffffffffffff max_cycles: 0x1cd42e4dffb, max_idle_ns: 881590591483 ns
[    0.000000] Zone ranges:
[    0.000000]   DMA      [mem 0x0000000000001000-0x0000000000ffffff]
[    0.000000]   DMA32    [mem 0x0000000001000000-0x000000001ffeffff]
[    0.000000]   Normal   empty
[    0.000000]   Device   empty
[    0.000000] Movable zone start for each node
[    0.000000] Early memory node ranges
[    0.000000]   node   0: [mem 0x0000000000001000-0x000000000009efff]
[    0.000000]   node   0: [mem 0x0000000000100000-0x000000001ffeffff]
[    0.000000] Reserved but unavailable: 104 pages
[    0.000000] Initmem setup node 0 [mem 0x0000000000001000-0x000000001ffeffff]
[    0.000000] ACPI: PM-Timer IO Port: 0x4008
[    0.000000] IOAPIC[0]: apic_id 1, version 32, address 0xfec00000, GSI 0-23
[    0.000000] ACPI: INT_SRC_OVR (bus 0 bus_irq 0 global_irq 2 dfl dfl)
[    0.000000] ACPI: INT_SRC_OVR (bus 0 bus_irq 9 global_irq 9 low level)
[    0.000000] Using ACPI (MADT) for SMP configuration information
[    0.000000] smpboot: Allowing 1 CPUs, 0 hotplug CPUs
[    0.000000] PM: Registered nosave memory: [mem 0x00000000-0x00000fff]
[    0.000000] PM: Registered nosave memory: [mem 0x0009f000-0x0009ffff]
[    0.000000] PM: Registered nosave memory: [mem 0x000a0000-0x000effff]
[    0.000000] PM: Registered nosave memory: [mem 0x000f0000-0x000fffff]
[    0.000000] e820: [mem 0x20000000-0xfebfffff] available for PCI devices
[    0.000000] Booting paravirtualized kernel on KVM
[    0.000000] clocksource: refined-jiffies: mask: 0xffffffff max_cycles: 0xffffffff, max_idle_ns: 7645519600211568 ns
[    0.000000] setup_percpu: NR_CPUS:8192 nr_cpumask_bits:1 nr_cpu_ids:1 nr_node_ids:1
[    0.000000] percpu: Embedded 50 pages/cpu s167936 r8192 d28672 u2097152
[    0.000000] PV qspinlock hash table entries: 256 (order: 0, 4096 bytes)
[    0.000000] Built 1 zonelists, mobility grouping on.  Total pages: 128889
[    0.000000] Policy zone: DMA32
[    0.000000] Kernel command line: BOOT_IMAGE=/boot/vmlinuz-4.15.0-212-generic root=LABEL=cloudimg-rootfs ro console=tty1 console=ttyS0
[    0.000000] Memory: 466748K/523832K available (12300K kernel code, 2477K rwdata, 4324K rodata, 2480K init, 2720K bss, 57084K reserved, 0K cma-reserved)
[    0.000000] SLUB: HWalign=64, Order=0-3, MinObjects=0, CPUs=1, Nodes=1
[    0.000000] ftrace: allocating 39508 entries in 155 pages
[    0.004000] Hierarchical RCU implementation.
[    0.004000] 	RCU restricting CPUs from NR_CPUS=8192 to nr_cpu_ids=1.
[    0.004000] 	Tasks RCU enabled.
[    0.004000] RCU: Adjusting geometry for rcu_fanout_leaf=16, nr_cpu_ids=1
[    0.004000] NR_IRQS: 524544, nr_irqs: 256, preallocated irqs: 16
[    0.004000] random: crng init done
[    0.004000] Console: colour VGA+ 80x25
[    0.004000] console [tty1] enabled
[    0.004000] console [ttyS0] enabled
[    0.004000] ACPI: Core revision 20170831
[    0.004000] ACPI: 2 ACPI AML tables successfully acquired and loaded
[    0.004000] APIC: Switch to symmetric I/O mode setup
[    0.008000] ..TIMER: vector=0x30 apic1=0 pin1=2 apic2=-1 pin2=-1
[    0.008012] tsc: Detected 3110.400 MHz processor
[    0.012108] Calibrating delay loop (skipped) preset value.. 6220.80 BogoMIPS (lpj=12441600)
[    0.016010] pid_max: default: 32768 minimum: 301
[    0.020079] Security Framework initialized
[    0.024015] Yama: becoming mindful.
[    0.028064] AppArmor: AppArmor initialized
[    0.033115] Dentry cache hash table entries: 65536 (order: 7, 524288 bytes)
[    0.037187] Inode-cache hash table entries: 32768 (order: 6, 262144 bytes)
[    0.040051] Mount-cache hash table entries: 1024 (order: 1, 8192 bytes)
[    0.044114] Mountpoint-cache hash table entries: 1024 (order: 1, 8192 bytes)
[    0.059339] process: using mwait in idle threads
[    0.060162] Last level iTLB entries: 4KB 0, 2MB 0, 4MB 0
[    0.064013] Last level dTLB entries: 4KB 0, 2MB 0, 4MB 0, 1GB 0
[    0.068015] Spectre V1 : Mitigation: usercopy/swapgs barriers and __user pointer sanitization
[    0.072013] Spectre V2 : Mitigation: Enhanced IBRS
[    0.076009] Spectre V2 : Spectre v2 / SpectreRSB mitigation: Filling RSB on context switch
[    0.080010] Spectre V2 : Spectre v2 / PBRSB-eIBRS: Retire a single CALL on VMEXIT
[    0.088010] RETBleed: Mitigation: Enhanced IBRS
[    0.096008] Speculative Store Bypass: Vulnerable
[    0.116000] Freeing SMP alternatives memory: 36K
[    0.232017] APIC calibration not consistent with PM-Timer: 103ms instead of 100ms
[    0.236000] APIC delta adjusted to PM-Timer: 6310023 (6500371)
[    0.237344] smpboot: CPU0: 12th Gen Intel(R) Core(TM) i5-12500H (family: 0x6, model: 0x9a, stepping: 0x3)
[    0.240202] Performance Events: unsupported p6 CPU model 154 no PMU driver, software events only.
[    0.244282] Hierarchical SRCU implementation.
[    0.249665] NMI watchdog: Perf event create on CPU 0 failed with -2
[    0.252010] NMI watchdog: Perf NMI watchdog permanently disabled
[    0.256241] smp: Bringing up secondary CPUs ...
[    0.260014] smp: Brought up 1 node, 1 CPU
[    0.264016] smpboot: Max logical packages: 1
[    0.268016] smpboot: Total of 1 processors activated (6220.80 BogoMIPS)
[    0.280739] devtmpfs: initialized
[    0.284225] x86/mm: Memory block size: 128MB
[    0.292290] evm: security.selinux
[    0.296011] evm: security.SMACK64
[    0.300011] evm: security.SMACK64EXEC
[    0.304011] evm: security.SMACK64TRANSMUTE
[    0.308009] evm: security.SMACK64MMAP
[    0.312011] evm: security.apparmor
[    0.316013] evm: security.ima
[    0.320011] evm: security.capability
[    0.324397] clocksource: jiffies: mask: 0xffffffff max_cycles: 0xffffffff, max_idle_ns: 7645041785100000 ns
[    0.328041] futex hash table entries: 256 (order: 2, 16384 bytes)
[    0.332113] pinctrl core: initialized pinctrl subsystem
[    0.337571] RTC time:  3:52:51, date: 11/11/24
[    0.340577] NET: Registered protocol family 16
[    0.344183] audit: initializing netlink subsys (disabled)
[    0.348737] cpuidle: using governor ladder
[    0.352025] audit: type=2000 audit(1731297177.126:1): state=initialized audit_enabled=0 res=1
[    0.356016] cpuidle: using governor menu
[    0.360139] ACPI: bus type PCI registered
[    0.364018] acpiphp: ACPI Hot Plug PCI Controller Driver version: 0.5
[    0.372699] PCI: Using configuration type 1 for base access
[    0.379387] HugeTLB registered 2.00 MiB page size, pre-allocated 0 pages
[    0.380627] ACPI: Added _OSI(Module Device)
[    0.384014] ACPI: Added _OSI(Processor Device)
[    0.388015] ACPI: Added _OSI(3.0 _SCP Extensions)
[    0.392013] ACPI: Added _OSI(Processor Aggregator Device)
[    0.396037] ACPI: Added _OSI(Linux-Dell-Video)
[    0.400052] ACPI: Added _OSI(Linux-Lenovo-NV-HDMI-Audio)
[    0.404016] ACPI: Added _OSI(Linux-HPI-Hybrid-Graphics)
[    0.414655] ACPI: Executed 1 blocks of module-level executable AML code
[    0.433074] ACPI: Interpreter enabled
[    0.436044] ACPI: (supports S0 S5)
[    0.440011] ACPI: Using IOAPIC for interrupt routing
[    0.445532] PCI: Using host bridge windows from ACPI; if necessary, use "pci=nocrs" and report a bug
[    0.448929] ACPI: Enabled 2 GPEs in block 00 to 07
[    0.492264] ACPI: PCI Root Bridge [PCI0] (domain 0000 [bus 00-ff])
[    0.496023] acpi PNP0A03:00: _OSC: OS supports [ASPM ClockPM Segments MSI]
[    0.502701] acpi PNP0A03:00: _OSC: not requesting OS control; OS requires [ExtendedConfig ASPM ClockPM MSI]
[    0.504045] acpi PNP0A03:00: fail to add MMCONFIG information, can't access extended PCI configuration space under this bridge.
[    0.513975] PCI host bridge to bus 0000:00
[    0.516020] pci_bus 0000:00: root bus resource [io  0x0000-0x0cf7 window]
[    0.520018] pci_bus 0000:00: root bus resource [io  0x0d00-0xffff window]
[    0.524011] pci_bus 0000:00: root bus resource [mem 0x000a0000-0x000bffff window]
[    0.528010] pci_bus 0000:00: root bus resource [mem 0x20000000-0xfdffffff window]
[    0.532017] pci_bus 0000:00: root bus resource [bus 00-ff]
[    0.556784] pci 0000:00:01.1: legacy IDE quirk: reg 0x10: [io  0x01f0-0x01f7]
[    0.560009] pci 0000:00:01.1: legacy IDE quirk: reg 0x14: [io  0x03f6]
[    0.564008] pci 0000:00:01.1: legacy IDE quirk: reg 0x18: [io  0x0170-0x0177]
[    0.568007] pci 0000:00:01.1: legacy IDE quirk: reg 0x1c: [io  0x0376]
[    0.636806] pci 0000:00:07.0: quirk: [io  0x4000-0x403f] claimed by PIIX4 ACPI
[    0.640160] pci 0000:00:07.0: quirk: [io  0x4100-0x410f] claimed by PIIX4 SMB
[    0.689083] ACPI: PCI Interrupt Link [LNKA] (IRQs 5 9 10 *11)
[    0.694275] ACPI: PCI Interrupt Link [LNKB] (IRQs 5 9 *10 11)
[    0.696839] ACPI: PCI Interrupt Link [LNKC] (IRQs 5 *9 10 11)
[    0.700867] ACPI: PCI Interrupt Link [LNKD] (IRQs 5 9 10 *11)
[    0.705865] SCSI subsystem initialized
[    0.712691] pci 0000:00:02.0: vgaarb: setting as boot VGA device
[    0.716000] pci 0000:00:02.0: vgaarb: VGA device added: decodes=io+mem,owns=io+mem,locks=none
[    0.716009] pci 0000:00:02.0: vgaarb: bridge control possible
[    0.720012] vgaarb: loaded
[    0.724095] ACPI: bus type USB registered
[    0.728074] usbcore: registered new interface driver usbfs
[    0.732053] usbcore: registered new interface driver hub
[    0.736147] usbcore: registered new device driver usb
[    0.740368] EDAC MC: Ver: 3.0.0
[    0.747264] PCI: Using ACPI for IRQ routing
[    0.754513] NetLabel: Initializing
[    0.756011] NetLabel:  domain hash size = 128
[    0.760011] NetLabel:  protocols = UNLABELED CIPSOv4 CALIPSO
[    0.764331] NetLabel:  unlabeled traffic allowed by default
[    0.768649] clocksource: Switched to clocksource kvm-clock
[    0.997696] VFS: Disk quotas dquot_6.6.0
[    1.013971] VFS: Dquot-cache hash table entries: 512 (order 0, 4096 bytes)
[    1.043637] AppArmor: AppArmor Filesystem Enabled
[    1.061777] pnp: PnP ACPI init
[    1.082209] pnp: PnP ACPI: found 3 devices
[    1.117898] clocksource: acpi_pm: mask: 0xffffff max_cycles: 0xffffff, max_idle_ns: 2085701024 ns
[    1.153572] NET: Registered protocol family 2
[    1.174001] IP idents hash table entries: 8192 (order: 4, 65536 bytes)
[    1.201147] TCP established hash table entries: 4096 (order: 3, 32768 bytes)
[    1.228292] TCP bind hash table entries: 4096 (order: 4, 65536 bytes)
[    1.254539] TCP: Hash tables configured (established 4096 bind 4096)
[    1.280903] UDP hash table entries: 256 (order: 1, 8192 bytes)
[    1.304468] UDP-Lite hash table entries: 256 (order: 1, 8192 bytes)
[    1.328529] NET: Registered protocol family 1
[    1.346383] pci 0000:00:00.0: Limiting direct PCI/PCI transfers
[    1.369209] pci 0000:00:01.0: Activating ISA DMA hang workarounds
[    1.393992] pci 0000:00:02.0: Video device with shadowed ROM at [mem 0x000c0000-0x000dffff]
[    1.425608] Unpacking initramfs...
[    3.464433] Freeing initrd memory: 19528K
[    3.481295] clocksource: tsc: mask: 0xffffffffffffffff max_cycles: 0x2cd5a8bb032, max_idle_ns: 440795365915 ns
[    3.519831] platform rtc_cmos: registered platform RTC device (no PNP device found)
[    3.547417] Scanning for low memory corruption every 60 seconds
[    3.575157] Initialise system trusted keyrings
[    3.590349] Key type blacklist registered
[    3.607524] workingset: timestamp_bits=36 max_order=17 bucket_order=0
[    3.641322] zbud: loaded
[    3.656901] squashfs: version 4.0 (2009/01/31) Phillip Lougher
[    3.681633] fuse init (API version 7.26)
[    3.701537] Key type asymmetric registered
[    3.723091] Asymmetric key parser 'x509' registered
[    3.741218] Block layer SCSI generic (bsg) driver version 0.4 loaded (major 246)
[    3.770337] io scheduler noop registered
[    3.786615] io scheduler deadline registered
[    3.803789] io scheduler cfq registered (default)
[    3.826852] ACPI: AC Adapter [AC] (on-line)
[    3.843720] input: Power Button as /devices/LNXSYSTM:00/LNXPWRBN:00/input/input0
[    3.870481] ACPI: Power Button [PWRF]
[    3.881785] input: Sleep Button as /devices/LNXSYSTM:00/LNXSLPBN:00/input/input1
[    3.908782] ACPI: Sleep Button [SLPF]
[    3.929500] Serial: 8250/16550 driver, 32 ports, IRQ sharing enabled
[    3.955707] ACPI: Battery Slot [BAT0] (battery present)
[    4.044240] 00:02: ttyS0 at I/O 0x3f8 (irq = 4, base_baud = 115200) is a 16550A
[    4.067463] Linux agpgart interface v0.103
[    4.088644] loop: module loaded
[    4.102251] scsi host0: ata_piix
[    4.110402] scsi host1: ata_piix
[    4.118222] ata1: PATA max UDMA/33 cmd 0x1f0 ctl 0x3f6 bmdma 0xd000 irq 14
[    4.132354] ata2: PATA max UDMA/33 cmd 0x170 ctl 0x376 bmdma 0xd008 irq 15
[    4.162983] tun: Universal TUN/TAP device driver, 1.6
[    4.183090] PPP generic driver version 2.4.2
[    4.200052] ehci_hcd: USB 2.0 'Enhanced' Host Controller (EHCI) Driver
[    4.225385] ehci-pci: EHCI PCI platform driver
[    4.242417] ehci-platform: EHCI generic platform driver
[    4.262252] ohci_hcd: USB 1.1 'Open' Host Controller (OHCI) Driver
[    4.286219] ohci-pci: OHCI PCI platform driver
[    4.302864] ohci-platform: OHCI generic platform driver
[    4.488504] uhci_hcd: USB Universal Host Controller Interface driver
[    4.513154] i8042: PNP: PS/2 Controller [PNP0303:PS2K,PNP0f03:PS2M] at 0x60,0x64 irq 1,12
[    4.554216] serio: i8042 KBD port at 0x60,0x64 irq 1
[    4.569965] serio: i8042 AUX port at 0x60,0x64 irq 12
[    4.581655] mousedev: PS/2 mouse device common for all mice
[    4.599520] input: AT Translated Set 2 keyboard as /devices/platform/i8042/serio0/input/input2
[    4.617765] rtc_cmos rtc_cmos: rtc core: registered rtc_cmos as rtc0
[    4.637902] rtc_cmos rtc_cmos: alarms up to one day, 114 bytes nvram
[    4.663140] i2c /dev entries driver
[    4.677198] device-mapper: uevent: version 1.0.3
[    4.695584] device-mapper: ioctl: 4.37.0-ioctl (2017-09-20) initialised: dm-devel@redhat.com
[    4.727427] ledtrig-cpu: registered to indicate activity on CPUs
[    4.751510] NET: Registered protocol family 10
[    4.774757] Segment Routing with IPv6
[    4.790075] NET: Registered protocol family 17
[    4.808226] Key type dns_resolver registered
[    4.825425] mce: Using 0 MCE banks
[    4.840299] RAS: Correctable Errors collector initialized.
[    4.861580] sched_clock: Marking stable (4861343919, 0)->(9005039941, -4143696022)
[    4.891121] registered taskstats version 1
[    4.907489] Loading compiled-in X.509 certificates
[    4.934788] Loaded X.509 cert 'Build time autogenerated kernel key: b5b26778eaa3ab3a4a6cee031137706e947d12ad'
[    4.967329] Loaded X.509 cert 'Canonical Ltd. Live Patch Signing: 14df34d1a87cf37625abec039ef2bf521249b969'
[    5.001539] Loaded X.509 cert 'Canonical Ltd. Kernel Module Signing: 88f752e560a1e0737e31163a466ad7b70a850c19'
[    5.038293] blacklist: Loading compiled-in revocation X.509 certificates
[    5.062095] Loaded X.509 cert 'Canonical Ltd. Secure Boot Signing: 61482aa2830d0ab2ad5af10b7250da9033ddcef0'
[    5.096671] Loaded X.509 cert 'Canonical Ltd. Secure Boot Signing (2017): 242ade75ac4a15e50d50c84b0d45ff3eae707a03'
[    5.134822] Loaded X.509 cert 'Canonical Ltd. Secure Boot Signing (ESM 2018): 365188c1d374d6b07c3c8f240f8ef722433d6a8b'
[    5.173262] Loaded X.509 cert 'Canonical Ltd. Secure Boot Signing (2019): c0746fd6c5da3ae827864651ad66ae47fe24b3e8'
[    5.201130] Loaded X.509 cert 'Canonical Ltd. Secure Boot Signing (2021 v1): a8d54bbb3825cfb94fa13c9f8a594a195c107b8d'
[    5.232250] Loaded X.509 cert 'Canonical Ltd. Secure Boot Signing (2021 v2): 4cf046892d6fd3c9a5b03f98d845f90851dc6a8c'
[    5.263923] Loaded X.509 cert 'Canonical Ltd. Secure Boot Signing (2021 v3): 100437bb6de6e469b581e61cd66bce3ef4ed53af'
[    5.305525] Loaded X.509 cert 'Canonical Ltd. Secure Boot Signing (Ubuntu Core 2019): c1d57b8f6b743f23ee41f4f7ee292f06eecadfb9'
[    5.348040] zswap: loaded using pool lzo/zbud
[    5.378877] Key type big_key registered
[    5.395186] Key type trusted registered
[    5.417849] Key type encrypted registered
[    5.433407] AppArmor: AppArmor sha1 policy hashing enabled
[    5.454123] ima: No TPM chip found, activating TPM-bypass! (rc=-19)
[    5.477130] ima: Allocated hash algorithm: sha1
[    5.492827] evm: HMAC attrs: 0x1
[    5.509520]   Magic number: 0:512:866
[    5.526999] rtc_cmos rtc_cmos: setting system clock to 2024-11-11 03:52:57 UTC (1731297177)
[    5.546936] BIOS EDD facility v0.16 2004-Jun-25, 0 devices found
[    5.567556] EDD information not available.
[    5.593907] Freeing unused kernel image memory: 2480K
[    5.613194] invalid opcode: 0000 [#1] SMP NOPTI
[    5.630616] Modules linked in:
[    5.642203] CPU: 0 PID: 0 Comm: swapper/0 Not tainted 4.15.0-212-generic #223-Ubuntu
[    5.672820] Hardware name: innotek GmbH VirtualBox/VirtualBox, BIOS VirtualBox 12/01/2006
[    5.702925] RIP: 0010:mwait_idle+0x7c/0x190
[    5.719499] RSP: 0018:ffffffffbd003e38 EFLAGS: 00010046
[    5.738532] RAX: ffffffffbd013480 RBX: 0000000000000000 RCX: 0000000000000000
[    5.763015] RDX: 0000000000000000 RSI: 0000000000000000 RDI: 0000000000000000
[    5.788330] RBP: ffffffffbd003e50 R08: 0000000000000002 R09: ffffffffbd003de8
[    5.814160] R10: 00000000fb112bcf R11: 00000000cfd24c1b R12: 0000000000000000
[    5.839730] R13: 0000000000000000 R14: 0000000000000000 R15: 0000000000000000
[    5.870768] FS:  0000000000000000(0000) GS:ffff996c5fc00000(0000) knlGS:0000000000000000
[    5.899863] CS:  0010 DS: 0000 ES: 0000 CR0: 0000000080050033
[    5.919671] CR2: 00007f2f4ab34d00 CR3: 000000001460a003 CR4: 00000000000206f0
[    5.943318] Call Trace:
[    5.953115]  arch_cpu_idle+0x15/0x20
[    5.967482]  default_idle_call+0x23/0x30
[    5.982431]  do_idle+0x172/0x1f0
[    5.994060]  cpu_startup_entry+0x73/0x80
[    6.008595]  rest_init+0xae/0xb0
[    6.020622]  start_kernel+0x4c9/0x4ed
[    6.034841]  x86_64_start_reservations+0x24/0x26
[    6.053838]  x86_64_start_kernel+0x8e/0x91
[    6.070368]  secondary_startup_64+0xa5/0xb0
[    6.087117] Code: 07 45 a4 43 48 0f ba e0 27 73 12 0f ae f0 65 48 8b 04 25 40 ac 01 00 0f ae 38 0f ae f0 31 d2 65 48 8b 04 25 40 ac 01 00 48 89 d1 <0f> 01 c8 48 8b 00 a8 08 0f 85 e3 00 00 00 e9 07 00 00 00 0f 00 
[    6.155198] RIP: mwait_idle+0x7c/0x190 RSP: ffffffffbd003e38
[    6.178382] ---[ end trace d020dbc420494736 ]---
[    6.196310] Kernel panic - not syncing: Attempted to kill the idle task!
[    6.223538] Kernel Offset: 0x3ac00000 from 0xffffffff81000000 (relocation range: 0xffffffff80000000-0xffffffffbfffffff)
[    6.258196] ---[ end Kernel panic - not syncing: Attempted to kill the idle task!
